<html>
<body>
<pre>
<h1>µVision Build Log</h1>
<h2>Tool Versions:</h2>
IDE-Version: ¦ÌVision V5.38.0.0
Copyright (C) 2022 ARM Ltd and ARM Germany GmbH. All rights reserved.
License Information: 1 Kakuro, 11, LIC=TIVNB-22SUI-Z97G9-49WMF-AINFB-Y35EA
 
Tool Versions:
Toolchain:       MDK-ARM Plus  Version: 5.38.0.0
Toolchain Path:  C:\Keil_v5\ARM\ARMCC\Bin
C Compiler:      Armcc.exe V5.06 update 5 (build 528)
Assembler:       Armasm.exe V5.06 update 5 (build 528)
Linker/Locator:  ArmLink.exe V5.06 update 5 (build 528)
Library Manager: ArmAr.exe V5.06 update 5 (build 528)
Hex Converter:   FromElf.exe V5.06 update 5 (build 528)
CPU DLL:         SARMCM3.DLL V5.38.0.0
Dialog DLL:      DCM.DLL V1.17.5.0
Target DLL:      CMSIS_AGDI.dll V1.33.15.0
Dialog DLL:      TCM.DLL V1.56.4.0
 
<h2>Project:</h2>
C:\Users\Kakuro\Desktop\Digital voltmeter\Project\ADC.uvprojx
Project File Date:  09/26/2025

<h2>Output:</h2>
*** Using Compiler 'V5.06 update 5 (build 528)', folder: 'C:\Keil_v5\ARM\ARMCC\Bin'
Build target 'Target 1'
compiling bsp_beep.c...
compiling bsp_led.c...
..\User\./led/bsp_led.h(45): warning:  #1295-D: Deprecated declaration LED_SetStatus - give arg types
  void LED_SetStatus();
..\User\./beep/bsp_beep.h(14): warning:  #47-D: incompatible redefinition of macro "ON"  (declared at line 28 of "..\User\./led/bsp_led.h")
  #define ON  1
..\User\./beep/bsp_beep.h(15): warning:  #47-D: incompatible redefinition of macro "OFF"  (declared at line 29 of "..\User\./led/bsp_led.h")
  #define OFF 0
..\User\led\bsp_led.c(70): warning:  #177-D: variable "system_status"  was declared but never referenced
  static System_Status system_status = SYSTEM_NORMAL;
..\User\led\bsp_led.c(98): warning:  #177-D: function "Voltage_Check"  was declared but never referenced
  static System_Status Voltage_Check(float voltage)
..\User\led\bsp_led.c: 5 warnings, 0 errors
compiling main.c...
..\User\./led/bsp_led.h(45): warning:  #1295-D: Deprecated declaration LED_SetStatus - give arg types
  void LED_SetStatus();
..\User\./beep/bsp_beep.h(14): warning:  #47-D: incompatible redefinition of macro "ON"  (declared at line 28 of "..\User\./led/bsp_led.h")
  #define ON  1
..\User\./beep/bsp_beep.h(15): warning:  #47-D: incompatible redefinition of macro "OFF"  (declared at line 29 of "..\User\./led/bsp_led.h")
  #define OFF 0
main.c: 3 warnings, 0 errors
linking...
Program Size: Code=11014 RO-data=670 RW-data=32 ZI-data=1912  
".\Objects\ADC.axf" - 0 Error(s), 8 Warning(s).

<h2>Software Packages used:</h2>

Package Vendor: Keil
                https://www.keil.com/pack/Keil.STM32F4xx_DFP.3.1.1.pack
                Keil.STM32F4xx_DFP.3.1.1
                STMicroelectronics STM32F4 Series Device Support

<h2>Collection of Component include folders:</h2>

<h2>Collection of Component Files used:</h2>
Build Time Elapsed:  00:00:00
</pre>
</body>
</html>
